[     324ms] [INFO] %cDownload the React DevTools for a better development experience: https://react.dev/link/react-devtools font-weight:bold @ http://localhost:3000/_next/static/chunks/d0fd8_next_dist_compiled_react-dom_371aacc7._.js:14537
[     349ms] [WARNING] Clerk: Clerk has been loaded with development keys. Development instances have strict usage limits and should not be used when deploying your application to production. Learn more: https://clerk.com/docs/deployments/overview @ https://amusing-orca-68.clerk.accounts.dev/npm/@clerk/clerk-js@5/dist/clerk.browser.js:18
[     349ms] [WARNING] Clerk: The prop "afterSignInUrl" is deprecated and should be replaced with the new "fallbackRedirectUrl" or "forceRedirectUrl" props instead. Learn more: https://clerk.com/docs/guides/custom-redirects#redirect-url-props @ https://amusing-orca-68.clerk.accounts.dev/npm/@clerk/clerk-js@5/dist/clerk.browser.js:18
[  386578ms] [LOG] [Fast Refresh] rebuilding @ https://eu-assets.i.posthog.com/static/logs.js?v=1.356.1:0
[  386605ms] [LOG] [Fast Refresh] done in 55ms @ https://eu-assets.i.posthog.com/static/logs.js?v=1.356.1:0
[  393323ms] [LOG] [Fast Refresh] rebuilding @ https://eu-assets.i.posthog.com/static/logs.js?v=1.356.1:0
[  393352ms] [LOG] [Fast Refresh] done in 32ms @ https://eu-assets.i.posthog.com/static/logs.js?v=1.356.1:0
[  394834ms] [LOG] [Fast Refresh] rebuilding @ https://eu-assets.i.posthog.com/static/logs.js?v=1.356.1:0
[  394927ms] [LOG] [Fast Refresh] done in 92ms @ https://eu-assets.i.posthog.com/static/logs.js?v=1.356.1:0
[  435075ms] [LOG] [Fast Refresh] rebuilding @ https://eu-assets.i.posthog.com/static/logs.js?v=1.356.1:0
[  435103ms] [LOG] [Fast Refresh] done in 59ms @ https://eu-assets.i.posthog.com/static/logs.js?v=1.356.1:0
[  458213ms] [LOG] [Fast Refresh] rebuilding @ https://eu-assets.i.posthog.com/static/logs.js?v=1.356.1:0
[  458239ms] [LOG] [Fast Refresh] done in 51ms @ https://eu-assets.i.posthog.com/static/logs.js?v=1.356.1:0
[  472918ms] [LOG] [Fast Refresh] rebuilding @ https://eu-assets.i.posthog.com/static/logs.js?v=1.356.1:0
[  472944ms] [LOG] [Fast Refresh] done in 58ms @ https://eu-assets.i.posthog.com/static/logs.js?v=1.356.1:0
[  480826ms] [LOG] [Fast Refresh] rebuilding @ https://eu-assets.i.posthog.com/static/logs.js?v=1.356.1:0
[  480852ms] [LOG] [Fast Refresh] done in 63ms @ https://eu-assets.i.posthog.com/static/logs.js?v=1.356.1:0
[  483180ms] [LOG] [Fast Refresh] rebuilding @ https://eu-assets.i.posthog.com/static/logs.js?v=1.356.1:0
[  483207ms] [LOG] [Fast Refresh] done in 60ms @ https://eu-assets.i.posthog.com/static/logs.js?v=1.356.1:0
[  485710ms] [LOG] [Fast Refresh] rebuilding @ https://eu-assets.i.posthog.com/static/logs.js?v=1.356.1:0
[  485735ms] [LOG] [Fast Refresh] done in 54ms @ https://eu-assets.i.posthog.com/static/logs.js?v=1.356.1:0
[  509032ms] [LOG] [Fast Refresh] rebuilding @ https://eu-assets.i.posthog.com/static/logs.js?v=1.356.1:0
[  509062ms] [LOG] [Fast Refresh] done in 55ms @ https://eu-assets.i.posthog.com/static/logs.js?v=1.356.1:0
[  575442ms] [LOG] [Fast Refresh] rebuilding @ https://eu-assets.i.posthog.com/static/logs.js?v=1.356.1:0
[  575466ms] [LOG] [Fast Refresh] done in 59ms @ https://eu-assets.i.posthog.com/static/logs.js?v=1.356.1:0
[  593104ms] [LOG] [Fast Refresh] rebuilding @ https://eu-assets.i.posthog.com/static/logs.js?v=1.356.1:0
[  593128ms] [LOG] [Fast Refresh] done in 60ms @ https://eu-assets.i.posthog.com/static/logs.js?v=1.356.1:0
[  607216ms] [LOG] [Fast Refresh] rebuilding @ https://eu-assets.i.posthog.com/static/logs.js?v=1.356.1:0
[  607247ms] [LOG] [Fast Refresh] done in 66ms @ https://eu-assets.i.posthog.com/static/logs.js?v=1.356.1:0
